// Jest Snapshot v1, https://goo.gl/fbAQLP

exports[`components/Toast should match snapshot 1`] = `
<div
  className="toast toast__visible"
  style={
    Object {
      "zIndex": 1000,
    }
  }
>
  <div
    className="toast__message"
  >
    <span>
      child
    </span>
  </div>
  <div
    className="toast__dismiss"
    onClick={[Function]}
  >
    <OverlayTrigger
      defaultOverlayShown={false}
      delayShow={400}
      overlay={
        <Tooltip
          bsClass="tooltip"
          id="toast-close__tooltip"
          placement="right"
        >
          <FormattedMessage
            defaultMessage="Mark as read"
            id="postlist.toast.markAsRead"
            values={Object {}}
          />
        </Tooltip>
      }
      placement="top"
      trigger={
        Array [
          "hover",
          "focus",
        ]
      }
    >
      <CloseIcon
        className="close-x"
        id="dismissToast"
      />
    </OverlayTrigger>
  </div>
</div>
`;
